Network.framework receive: experimental private receive_multiple (max 256)
Network.framework peer: [C1 connected 192.168.1.226:5201 udp, local: 0.0.0.0:0, attribution: developer, path satisfied (Path is satisfied), viable, interface: en8, ipv4, ipv6, dns]
production Network.framework bridge ready; batch=128 credits=1024
tx=TxStats { accepted: 10449665, partial: 1028562, blocked: 346367, blocked_ns: 23687124552, wakes: 1037284, batches: [0, 259423, 202020, 213076, 213756, 161107, 54201, 6134, 484], occupancy: [2, 0, 0, 0, 0, 0, 0, 0, 1, 2, 1110196, 0] }; readiness_waits=346367; submit_seconds=30.000539; drain_seconds=0.003333
{
  "accepted_payload_gbps": 4.045588222198748,
  "backend": "production Network.framework",
  "batch": 128,
  "cpu_cores": 1.4407217855924146,
  "credits": 1024,
  "loss_percent": 0.0,
  "missing_packets": 0,
  "offered_bitrate": 0,
  "readiness_waits": 346367,
  "received_gbps_receiver_interval": 4.031714127944291,
  "received_gbps_sender_interval": 4.045588222198748,
  "received_packets": 10449664,
  "receiver": {
    "cpu_util_system": 59.78649247097076,
    "cpu_util_total": 82.7278982208038,
    "cpu_util_user": 22.941405749833056,
    "sender_has_retransmits": -1,
    "server_output_text": "-----------------------------------------------------------\nServer listening on 5201 (test #20)\n-----------------------------------------------------------\nAccepted connection from 192.168.1.211, port 54147\n[  5] local 192.168.1.226 port 5201 connected to 192.168.1.211 port 59400\n[ ID] Interval           Transfer     Bitrate         Jitter    Lost/Total Datagrams\n[  5]   0.00-1.01   sec   485 MBytes  4.01 Gbits/sec  0.003 ms  0/350415 (0%)  \n[  5]   1.01-2.01   sec   468 MBytes  3.94 Gbits/sec  0.002 ms  0/337840 (0%)  \n[  5]   2.01-3.00   sec   461 MBytes  3.90 Gbits/sec  0.002 ms  0/332898 (0%)  \n[  5]   3.00-4.01   sec   475 MBytes  3.94 Gbits/sec  0.003 ms  0/342747 (0%)  \n[  5]   4.01-5.01   sec   474 MBytes  3.99 Gbits/sec  0.003 ms  0/342031 (0%)  \n[  5]   5.01-6.00   sec   462 MBytes  3.89 Gbits/sec  0.003 ms  0/333362 (0%)  \n[  5]   6.00-7.01   sec   490 MBytes  4.07 Gbits/sec  0.015 ms  0/354206 (0%)  \n[  5]   7.01-8.00   sec   483 MBytes  4.09 Gbits/sec  0.002 ms  0/348625 (0%)  \n[  5]   8.00-9.01   sec   498 MBytes  4.13 Gbits/sec  0.003 ms  0/359372 (0%)  \n[  5]   9.01-10.01  sec   489 MBytes  4.12 Gbits/sec  0.003 ms  0/352780 (0%)  \n[  5]  10.01-11.01  sec   477 MBytes  4.02 Gbits/sec  0.002 ms  0/344481 (0%)  \n[  5]  11.01-12.01  sec   486 MBytes  4.04 Gbits/sec  0.006 ms  0/351295 (0%)  \n[  5]  12.01-13.00  sec   478 MBytes  4.07 Gbits/sec  0.003 ms  0/345371 (0%)  \n[  5]  13.00-14.01  sec   488 MBytes  4.07 Gbits/sec  0.005 ms  0/352209 (0%)  \n[  5]  14.01-15.00  sec   464 MBytes  3.92 Gbits/sec  0.002 ms  0/335034 (0%)  \n[  5]  15.00-16.01  sec   479 MBytes  3.97 Gbits/sec  0.013 ms  0/345688 (0%)  \n[  5]  16.01-17.01  sec   473 MBytes  3.98 Gbits/sec  0.002 ms  0/341818 (0%)  \n[  5]  17.01-18.00  sec   476 MBytes  4.02 Gbits/sec  0.002 ms  0/343579 (0%)  \n[  5]  18.00-19.02  sec   493 MBytes  4.09 Gbits/sec  0.003 ms  0/355776 (0%)  \n[  5]  19.02-20.01  sec   485 MBytes  4.09 Gbits/sec  0.009 ms  0/350053 (0%)  \n[  5]  20.01-21.00  sec   488 MBytes  4.11 Gbits/sec  0.003 ms  0/352067 (0%)  \n[  5]  21.00-22.00  sec   493 MBytes  4.15 Gbits/sec  0.003 ms  0/356201 (0%)  \n[  5]  22.00-23.01  sec   494 MBytes  4.10 Gbits/sec  0.006 ms  0/357052 (0%)  \n[  5]  23.01-24.01  sec   490 MBytes  4.12 Gbits/sec  0.002 ms  0/353623 (0%)  \n[  5]  24.01-25.00  sec   484 MBytes  4.08 Gbits/sec  0.003 ms  0/349307 (0%)  \n[  5]  25.00-26.02  sec   492 MBytes  4.08 Gbits/sec  0.003 ms  0/355468 (0%)  \n[  5]  26.02-27.01  sec   481 MBytes  4.06 Gbits/sec  0.009 ms  0/347619 (0%)  \n[  5]  27.01-28.00  sec   480 MBytes  4.05 Gbits/sec  0.002 ms  0/346540 (0%)  \n[  5]  28.00-29.01  sec   491 MBytes  4.07 Gbits/sec  0.003 ms  0/354748 (0%)  \n[  5]  29.01-30.01  sec   495 MBytes  4.19 Gbits/sec  0.002 ms  0/357459 (0%)  \n[  5]  30.01-30.11  sec  0.00 Bytes  0.00 bits/sec  0.002 ms  0/0 (0%)  \n- - - - - - - - - - - - - - - - - - - - - - - - -\n[ ID] Interval           Transfer     Bitrate         Jitter    Lost/Total Datagrams\n[  5]   0.00-30.11  sec  14.1 GBytes  4.03 Gbits/sec  0.002 ms  0/10449664 (0%)  receiver\n",
    "streams": [
      {
        "bytes": 15172912128,
        "end_time": 30.107119,
        "errors": 0,
        "id": 1,
        "jitter": 2.3505575982971016e-6,
        "omitted_errors": 0,
        "omitted_packets": 0,
        "packets": 10449664,
        "retransmits": -1,
        "start_time": 0
      }
    ]
  },
  "receiver_buffer_requested": 4194304,
  "seconds": 30.0038685,
  "submit_seconds": 30.000539166,
  "submitted_packets": 10449664,
  "system_cpu_seconds": 13.925818,
  "tail_settle_ms": 100,
  "target": "192.168.1.226:5201",
  "tx": {
    "accepted_including_setup": 10449665,
    "batches": [
      0,
      259423,
      202020,
      213076,
      213756,
      161107,
      54201,
      6134,
      484
    ],
    "blocked": 346367,
    "blocked_ns": 23687124552,
    "occupancy": [
      2,
      0,
      0,
      0,
      0,
      0,
      0,
      0,
      1,
      2,
      1110196,
      0
    ],
    "partial": 1028562,
    "wakes": 1037284
  },
  "udp_bytes": 1452,
  "user_cpu_seconds": 29.301409
}
