Network.framework receive: experimental private receive_multiple (max 256)
Network.framework peer: [C1 connected 192.168.1.226:5201 udp, local: 0.0.0.0:0, attribution: developer, path satisfied (Path is satisfied), viable, interface: en8, ipv4, ipv6, dns]
production Network.framework bridge ready; batch=128 credits=1024
tx=TxStats { accepted: 10794497, partial: 1063870, blocked: 403783, blocked_ns: 23931396047, wakes: 1073197, batches: [0, 312160, 184652, 197334, 209268, 180742, 58898, 4874, 275], occupancy: [2, 0, 0, 0, 0, 0, 0, 0, 1, 2, 1148198, 0] }; readiness_waits=403783; submit_seconds=30.000229; drain_seconds=0.002285
{
  "accepted_payload_gbps": 4.179279178991034,
  "backend": "production Network.framework",
  "batch": 128,
  "cpu_cores": 1.4348944451559031,
  "credits": 1024,
  "loss_percent": 8.48790902326519,
  "missing_packets": 916227,
  "offered_bitrate": 0,
  "readiness_waits": 403783,
  "received_gbps_receiver_interval": 3.811306905440333,
  "received_gbps_sender_interval": 3.8245457644500105,
  "received_packets": 9878269,
  "receiver": {
    "cpu_util_system": 77.27837173480944,
    "cpu_util_total": 99.4395208887099,
    "cpu_util_user": 22.16114915390048,
    "sender_has_retransmits": -1,
    "server_output_text": "-----------------------------------------------------------\nServer listening on 5201 (test #22)\n-----------------------------------------------------------\nAccepted connection from 192.168.1.211, port 54222\n[  5] local 192.168.1.226 port 5201 connected to 192.168.1.211 port 50462\n[ ID] Interval           Transfer     Bitrate         Jitter    Lost/Total Datagrams\n[  5]   0.00-1.00   sec   390 MBytes  3.26 Gbits/sec  0.007 ms  75421/357267 (21%)  \n[  5]   1.00-2.01   sec   408 MBytes  3.42 Gbits/sec  0.009 ms  60678/355469 (17%)  \n[  5]   2.01-3.02   sec   417 MBytes  3.46 Gbits/sec  0.004 ms  59959/360849 (17%)  \n[  5]   3.02-4.00   sec   428 MBytes  3.64 Gbits/sec  0.004 ms  49832/359223 (14%)  \n[  5]   4.00-5.01   sec   450 MBytes  3.75 Gbits/sec  0.004 ms  39571/364398 (11%)  \n[  5]   5.01-6.00   sec   442 MBytes  3.74 Gbits/sec  0.003 ms  41651/361093 (12%)  \n[  5]   6.00-7.01   sec   457 MBytes  3.81 Gbits/sec  0.004 ms  31932/361829 (8.8%)  \n[  5]   7.01-8.01   sec   454 MBytes  3.80 Gbits/sec  0.003 ms  20412/348467 (5.9%)  \n[  5]   8.01-9.01   sec   454 MBytes  3.81 Gbits/sec  0.003 ms  20887/348773 (6%)  \n[  5]   9.01-10.02  sec   460 MBytes  3.84 Gbits/sec  0.004 ms  21700/353904 (6.1%)  \n[  5]  10.02-11.00  sec   458 MBytes  3.88 Gbits/sec  0.004 ms  19070/349533 (5.5%)  \n[  5]  11.00-12.01  sec   463 MBytes  3.87 Gbits/sec  0.003 ms  28912/362952 (8%)  \n[  5]  12.01-13.01  sec   469 MBytes  3.91 Gbits/sec  0.003 ms  23612/362249 (6.5%)  \n[  5]  13.01-14.01  sec   463 MBytes  3.88 Gbits/sec  0.003 ms  17447/351576 (5%)  \n[  5]  14.01-15.01  sec   463 MBytes  3.92 Gbits/sec  0.034 ms  31975/366649 (8.7%)  \n[  5]  15.01-16.00  sec   463 MBytes  3.90 Gbits/sec  0.003 ms  38593/373113 (10%)  \n[  5]  16.00-17.01  sec   472 MBytes  3.93 Gbits/sec  0.003 ms  19964/360934 (5.5%)  \n[  5]  17.01-18.01  sec   467 MBytes  3.94 Gbits/sec  0.003 ms  21296/358534 (5.9%)  \n[  5]  18.01-19.00  sec   464 MBytes  3.90 Gbits/sec  0.003 ms  23666/358979 (6.6%)  \n[  5]  19.00-20.01  sec   465 MBytes  3.89 Gbits/sec  0.031 ms  24089/360153 (6.7%)  \n[  5]  20.01-21.00  sec   465 MBytes  3.92 Gbits/sec  0.003 ms  21734/357700 (6.1%)  \n[  5]  21.00-22.01  sec   470 MBytes  3.91 Gbits/sec  0.003 ms  37341/376753 (9.9%)  \n[  5]  22.01-23.01  sec   467 MBytes  3.91 Gbits/sec  0.011 ms  25225/362247 (7%)  \n[  5]  23.01-24.00  sec   460 MBytes  3.90 Gbits/sec  0.003 ms  24485/356320 (6.9%)  \n[  5]  24.00-25.02  sec   471 MBytes  3.90 Gbits/sec  0.003 ms  25998/365817 (7.1%)  \n[  5]  25.02-26.00  sec   461 MBytes  3.92 Gbits/sec  0.003 ms  19067/351752 (5.4%)  \n[  5]  26.00-27.01  sec   470 MBytes  3.92 Gbits/sec  0.003 ms  21266/360412 (5.9%)  \n[  5]  27.01-28.01  sec   468 MBytes  3.93 Gbits/sec  0.007 ms  24372/362469 (6.7%)  \n[  5]  28.01-29.00  sec   467 MBytes  3.94 Gbits/sec  0.010 ms  23252/360690 (6.4%)  \n[  5]  29.00-30.01  sec   471 MBytes  3.93 Gbits/sec  0.004 ms  22428/362504 (6.2%)  \n[  5]  30.01-30.11  sec  2.07 MBytes   173 Mbits/sec  0.003 ms  354/1850 (19%)  \n- - - - - - - - - - - - - - - - - - - - - - - - -\n[ ID] Interval           Transfer     Bitrate         Jitter    Lost/Total Datagrams\n[  5]   0.00-30.11  sec  13.4 GBytes  3.81 Gbits/sec  0.003 ms  916189/10794458 (8.5%)  receiver\n",
    "streams": [
      {
        "bytes": 14343246588,
        "end_time": 30.106726,
        "errors": 916189,
        "id": 1,
        "jitter": 3.40315637179579e-6,
        "omitted_errors": 0,
        "omitted_packets": 0,
        "packets": 10794458,
        "retransmits": -1,
        "start_time": 0
      }
    ]
  },
  "receiver_buffer_requested": 4194304,
  "seconds": 30.002510042,
  "submit_seconds": 30.00022875,
  "submitted_packets": 10794496,
  "system_cpu_seconds": 14.344594,
  "tail_settle_ms": 100,
  "target": "192.168.1.226:5201",
  "tx": {
    "accepted_including_setup": 10794497,
    "batches": [
      0,
      312160,
      184652,
      197334,
      209268,
      180742,
      58898,
      4874,
      275
    ],
    "blocked": 403783,
    "blocked_ns": 23931396047,
    "occupancy": [
      2,
      0,
      0,
      0,
      0,
      0,
      0,
      0,
      1,
      2,
      1148198,
      0
    ],
    "partial": 1063870,
    "wakes": 1073197
  },
  "udp_bytes": 1452,
  "user_cpu_seconds": 28.705841
}
